Run 1
 159,167,976,680 bytes allocated in the heap
  50,354,469,576 bytes copied during GC
      18,184,976 bytes maximum residency (2257 sample(s))
          97,928 bytes maximum slop
              47 MB total memory in use (0 MB lost due to fragmentation)

                                     Tot time (elapsed)  Avg pause  Max pause
  Gen  0     140816 colls,     0 par   48.531s  48.648s     0.0003s    0.0113s
  Gen  1      2257 colls,     0 par    0.737s   0.738s     0.0003s    0.0007s

  INIT    time    0.000s  (  0.000s elapsed)
  MUT     time   50.705s  ( 50.809s elapsed)
  GC      time   49.268s  ( 49.386s elapsed)
  EXIT    time    0.001s  (  0.001s elapsed)
  Total   time   99.975s  (100.197s elapsed)

  %GC     time      49.3%  (49.3% elapsed)

  Alloc rate    3,139,068,813 bytes per MUT second

  Productivity  50.7% of total user, 50.7% of total elapsed

Run 2
 159,168,107,752 bytes allocated in the heap
  50,355,028,584 bytes copied during GC
      18,184,976 bytes maximum residency (2257 sample(s))
          90,472 bytes maximum slop
              47 MB total memory in use (0 MB lost due to fragmentation)

                                     Tot time (elapsed)  Avg pause  Max pause
  Gen  0     140816 colls,     0 par   48.812s  48.935s     0.0003s    0.0114s
  Gen  1      2257 colls,     0 par    0.737s   0.738s     0.0003s    0.0006s

  INIT    time    0.000s  (  0.000s elapsed)
  MUT     time   50.684s  ( 50.791s elapsed)
  GC      time   49.548s  ( 49.673s elapsed)
  EXIT    time    0.002s  (  0.002s elapsed)
  Total   time  100.234s  (100.466s elapsed)

  %GC     time      49.4%  (49.4% elapsed)

  Alloc rate    3,140,419,569 bytes per MUT second

  Productivity  50.6% of total user, 50.6% of total elapsed

Run 3
 159,166,731,496 bytes allocated in the heap
  50,353,666,488 bytes copied during GC
      18,184,976 bytes maximum residency (2257 sample(s))
          78,112 bytes maximum slop
              47 MB total memory in use (0 MB lost due to fragmentation)

                                     Tot time (elapsed)  Avg pause  Max pause
  Gen  0     140816 colls,     0 par   48.286s  48.404s     0.0003s    0.0114s
  Gen  1      2257 colls,     0 par    0.733s   0.735s     0.0003s    0.0006s

  INIT    time    0.000s  (  0.000s elapsed)
  MUT     time   50.555s  ( 50.659s elapsed)
  GC      time   49.019s  ( 49.138s elapsed)
  EXIT    time    0.002s  (  0.002s elapsed)
  Total   time   99.576s  ( 99.799s elapsed)

  %GC     time      49.2%  (49.2% elapsed)

  Alloc rate    3,148,363,199 bytes per MUT second

  Productivity  50.8% of total user, 50.8% of total elapsed

Run 4
 159,164,601,576 bytes allocated in the heap
  50,354,975,960 bytes copied during GC
      18,184,976 bytes maximum residency (2257 sample(s))
          97,928 bytes maximum slop
              47 MB total memory in use (0 MB lost due to fragmentation)

                                     Tot time (elapsed)  Avg pause  Max pause
  Gen  0     140816 colls,     0 par   48.969s  49.092s     0.0003s    0.0125s
  Gen  1      2257 colls,     0 par    0.747s   0.749s     0.0003s    0.0007s

  INIT    time    0.000s  (  0.000s elapsed)
  MUT     time   50.791s  ( 50.899s elapsed)
  GC      time   49.717s  ( 49.841s elapsed)
  EXIT    time    0.002s  (  0.002s elapsed)
  Total   time  100.509s  (100.741s elapsed)

  %GC     time      49.5%  (49.5% elapsed)

  Alloc rate    3,133,730,371 bytes per MUT second

  Productivity  50.5% of total user, 50.5% of total elapsed

Run 5
 159,167,911,144 bytes allocated in the heap
  50,354,963,480 bytes copied during GC
      18,184,976 bytes maximum residency (2257 sample(s))
          97,928 bytes maximum slop
              47 MB total memory in use (0 MB lost due to fragmentation)

                                     Tot time (elapsed)  Avg pause  Max pause
  Gen  0     140816 colls,     0 par   48.329s  48.446s     0.0003s    0.0120s
  Gen  1      2257 colls,     0 par    0.739s   0.741s     0.0003s    0.0008s

  INIT    time    0.000s  (  0.000s elapsed)
  MUT     time   50.735s  ( 50.839s elapsed)
  GC      time   49.069s  ( 49.187s elapsed)
  EXIT    time    0.002s  (  0.002s elapsed)
  Total   time   99.805s  (100.028s elapsed)

  %GC     time      49.2%  (49.2% elapsed)

  Alloc rate    3,137,264,180 bytes per MUT second

  Productivity  50.8% of total user, 50.8% of total elapsed

Run 6
  159,168,763,112 bytes allocated in the heap
  50,355,473,088 bytes copied during GC
      18,184,976 bytes maximum residency (2257 sample(s))
          97,928 bytes maximum slop
              47 MB total memory in use (0 MB lost due to fragmentation)

                                     Tot time (elapsed)  Avg pause  Max pause
  Gen  0     140816 colls,     0 par   47.977s  48.136s     0.0003s    0.0119s
  Gen  1      2257 colls,     0 par    0.737s   0.739s     0.0003s    0.0007s

  INIT    time    0.000s  (  0.000s elapsed)
  MUT     time   50.782s  ( 50.926s elapsed)
  GC      time   48.714s  ( 48.875s elapsed)
  EXIT    time    0.001s  (  0.001s elapsed)
  Total   time   99.497s  ( 99.802s elapsed)

  %GC     time      49.0%  (49.0% elapsed)

  Alloc rate    3,134,380,933 bytes per MUT second

  Productivity  51.0% of total user, 51.0% of total elapsed

Run 7
 159,167,943,912 bytes allocated in the heap
  50,352,361,184 bytes copied during GC
      18,184,960 bytes maximum residency (2257 sample(s))
          97,928 bytes maximum slop
              47 MB total memory in use (0 MB lost due to fragmentation)

                                     Tot time (elapsed)  Avg pause  Max pause
  Gen  0     140816 colls,     0 par   48.759s  48.879s     0.0003s    0.0118s
  Gen  1      2257 colls,     0 par    0.747s   0.749s     0.0003s    0.0006s

  INIT    time    0.000s  (  0.000s elapsed)
  MUT     time   50.889s  ( 50.996s elapsed)
  GC      time   49.506s  ( 49.628s elapsed)
  EXIT    time    0.001s  (  0.001s elapsed)
  Total   time  100.396s  (100.625s elapsed)

  %GC     time      49.3%  (49.3% elapsed)

  Alloc rate    3,127,755,710 bytes per MUT second

  Productivity  50.7% of total user, 50.7% of total elapsed

Run 8
 159,167,583,464 bytes allocated in the heap
  50,354,203,344 bytes copied during GC
      18,184,976 bytes maximum residency (2257 sample(s))
          90,472 bytes maximum slop
              47 MB total memory in use (0 MB lost due to fragmentation)

                                     Tot time (elapsed)  Avg pause  Max pause
  Gen  0     140816 colls,     0 par   48.952s  49.074s     0.0003s    0.0121s
  Gen  1      2257 colls,     0 par    0.740s   0.742s     0.0003s    0.0008s

  INIT    time    0.000s  (  0.000s elapsed)
  MUT     time   51.020s  ( 51.128s elapsed)
  GC      time   49.692s  ( 49.815s elapsed)
  EXIT    time    0.002s  (  0.002s elapsed)
  Total   time  100.713s  (100.945s elapsed)

  %GC     time      49.3%  (49.3% elapsed)

  Alloc rate    3,119,735,256 bytes per MUT second

  Productivity  50.7% of total user, 50.7% of total elapsed

x = [100.197, 100.466, 99.799, 100.741, 100.028, 99.802, 100.625, 100.945];
mean (x)
std (x)



